// Jest Snapshot v1, https://goo.gl/fbAQLP

exports[`validando el componente <GifItem /> debe hacer match con el snapshot 1`] = `
<div>
  <div
    class="card"
  >
    <img
      alt="hola mundo"
      src="www.jgjgj.jpg"
    />
    <p>
      hola mundo
    </p>
  </div>
</div>
`;
